// Jest Snapshot v1, https://goo.gl/fbAQLP

exports[`PanelResizer renders correctly 1`] = `
<div
  className="react-resizable"
  style={
    Object {
      "height": "0px",
      "width": "0px",
    }
  }
>
  <p>
    PanelResizer
  </p>
  <span
    className="react-resizable-handle"
    onMouseDown={[Function]}
    onMouseUp={[Function]}
    onTouchEnd={[Function]}
    onTouchStart={[Function]}
    style={
      Object {
        "touchAction": "none",
      }
    }
  />
</div>
`;
